## SOME USEFUL COMMANDS WHILE RUNNING THIS PROJECT



# normal run
$ docker-compose exec api python -m pytest

# disable warnings
$ docker-compose exec api python -m pytest -p no:warnings

# run only the last failed tests
$ docker-compose exec api python -m pytest --lf

# run only the tests with names that match the string expression
$ docker-compose exec api python -m pytest -k "summary and not test_read_summary"

# stop the test session after the first failure
$ docker-compose exec api python -m pytest -x

# enter PDB after first failure then end the test session
$ docker-compose exec api python -m pytest -x --pdb

# stop the test run after two failures
$ docker-compose exec api python -m pytest --maxfail=2

# show local variables in tracebacks
$ docker-compose exec api python -m pytest -l

# list the 2 slowest tests
$ docker-compose exec api python -m pytest --durations=2
